<html>
<body>
<pre>
<h1>�Vision Build Log</h1>
<h2>Tool Versions:</h2>
IDE-Version: ��Vision V5.30.0.0
Copyright (C) 2020 ARM Ltd and ARM Germany GmbH. All rights reserved.
License Information: 2 admin, 2, LIC=----
 
Tool Versions:
Toolchain:       MDK-Lite  Version: 5.30.0.0
Toolchain Path:  D:\Keil_v5\ARM\ARMCC\Bin
C Compiler:      Armcc.exe V5.06 update 6 (build 750)
Assembler:       Armasm.exe V5.06 update 6 (build 750)
Linker/Locator:  ArmLink.exe V5.06 update 6 (build 750)
Library Manager: ArmAr.exe V5.06 update 6 (build 750)
Hex Converter:   FromElf.exe V5.06 update 6 (build 750)
CPU DLL:         SARMCM3.DLL V5.30.0.0
Dialog DLL:      DCM.DLL V1.17.3.0
Target DLL:      STLink\ST-LINKIII-KEIL_SWO.dll V3.0.7.0
Dialog DLL:      TCM.DLL V1.42.0.0
 
<h2>Project:</h2>
d:\stm32hal\slewing ring\MDK-ARM\slewing ring.uvprojx
Project File Date:  06/03/2026

<h2>Output:</h2>
*** Using Compiler 'V5.06 update 6 (build 750)', folder: 'D:\Keil_v5\ARM\ARMCC\Bin'
Rebuild target 'slewing ring'
assembling startup_stm32f103xb.s...
compiling usart.c...
compiling stm32f1xx_hal_tim_ex.c...
compiling stm32f1xx_hal_gpio.c...
compiling stm32f1xx_hal_rcc_ex.c...
compiling stm32f1xx_hal_tim.c...
compiling stm32f1xx_it.c...
compiling stm32f1xx_hal_gpio_ex.c...
compiling gpio.c...
compiling stm32f1xx_hal_msp.c...
compiling stm32f1xx_hal.c...
compiling main.c...
../Core/Src/main.c(118): warning:  #177-D: variable "last_action_tick"  was declared but never referenced
    uint32_t last_action_tick = 0;
../Core/Src/main.c(119): warning:  #177-D: variable "toggle_pos_flag"  was declared but never referenced
    uint8_t toggle_pos_flag = 0;
../Core/Src/main.c: 2 warnings, 0 errors
compiling stm32f1xx_hal_dma.c...
compiling stm32f1xx_hal_rcc.c...
compiling serial_servo.c...
compiling stm32f1xx_hal_uart.c...
compiling stm32f1xx_hal_cortex.c...
compiling stm32f1xx_hal_pwr.c...
compiling system_stm32f1xx.c...
compiling serial_servo_hal.c...
compiling stm32f1xx_hal_exti.c...
compiling stm32f1xx_hal_flash.c...
compiling Control.c...
compiling stm32f1xx_hal_flash_ex.c...
compiling Data.c...
compiling serial_servo_debug_cli.c...
..\serial_servo_f103_drv\serial_servo_debug_cli.c(37): warning:  #870-D: invalid multibyte character sequence
      printf("   ⚙️ 串口总线舵机 STM32F103 调试 CLI 控制台就�? (USART3)\r\n");
..\serial_servo_f103_drv\serial_servo_debug_cli.c(38): warning:  #870-D: invalid multibyte character sequence
      printf("   使用说明: 在串口助手输入以下指�? (需勾选发送新�?):\r\n");
..\serial_servo_f103_drv\serial_servo_debug_cli.c(38): warning:  #870-D: invalid multibyte character sequence
      printf("   使用说明: 在串口助手输入以下指�? (需勾选发送新�?):\r\n");
..\serial_servo_f103_drv\serial_servo_debug_cli.c(39): warning:  #870-D: invalid multibyte character sequence
      printf("     1. pos <id> <pos> <time>  -> 控制转动到目标位�? (0~1000)\r\n");
..\serial_servo_f103_drv\serial_servo_debug_cli.c(111): warning:  #870-D: invalid multibyte character sequence
                  printf(">> [CLI执行]: 控制舵机 %d 运动至位�? %d, 耗时 %dms\r\n", id, pos, dur);
..\serial_servo_f103_drv\serial_servo_debug_cli.c(136): warning:  #870-D: invalid multibyte character sequence
                      printf(">> [回读失败] 舵机未响应！请排查供电或ID�?(r_pos:%d, r_vin:%d, r_temp:%d)\r\n", r1, r2, r3);
..\serial_servo_f103_drv\serial_servo_debug_cli.c(147): warning:  #870-D: invalid multibyte character sequence
                  printf(">> [CLI执行]: 紧急制�? 舵机 %d\r\n", id);
..\serial_servo_f103_drv\serial_servo_debug_cli.c(173): warning:  #870-D: invalid multibyte character sequence
              printf(">> 未知指令! 仅支持格�?: pos/read/stop/free/lock\r\n");
..\serial_servo_f103_drv\serial_servo_debug_cli.c: 8 warnings, 0 errors
linking...
Program Size: Code=9580 RO-data=692 RW-data=24 ZI-data=1360  
FromELF: creating hex file...
"slewing ring\slewing ring.axf" - 0 Error(s), 10 Warning(s).

<h2>Software Packages used:</h2>

Package Vendor: ARM
                http://www.keil.com/pack/ARM.CMSIS.5.7.0.pack
                ARM.CMSIS.5.7.0
                CMSIS (Cortex Microcontroller Software Interface Standard)
   * Component: CORE Version: 5.4.0

Package Vendor: Keil
                http://www.keil.com/pack/Keil.STM32F1xx_DFP.2.2.0.pack
                Keil.STM32F1xx_DFP.2.2.0
                STMicroelectronics STM32F1 Series Device Support, Drivers and Examples

<h2>Collection of Component include folders:</h2>
  .\RTE\_slewing_ring
  D:\Users\admin\AppData\Local\Arm\Packs\ARM\CMSIS\5.7.0\CMSIS\Core\Include
  D:\Users\admin\AppData\Local\Arm\Packs\Keil\STM32F1xx_DFP\2.2.0\Device\Include

<h2>Collection of Component Files used:</h2>

   * Component: ARM::CMSIS:CORE:5.4.0
      Include file:  CMSIS\Core\Include\tz_context.h
Build Time Elapsed:  00:00:02
</pre>
</body>
</html>
